Script started on 2023-11-06 23:40:04-05:00 [TERM="tmux-256color" TTY="/dev/pts/3" COLUMNS="80" LINES="23"]
[?2004h
[92mnn@skipper: ~/src/project/whoracle/xephyr[97m
bash-5.2.15$ xobar[K[K[K[Kboard -out | bash
[?2004lbash: line 1: Script: command not found
bash: line 2: $'\E[?2004h\r\r': command not found
bash: line 3: $'\E[92mnn@skipper:': command not found
bash: line 4: bash-5.2.15$: command not found
bash: line 5: syntax error near unexpected token `('
bash: line 5: `[?2004l[1A[1B[0G[?25l[+] Building 0.0s (0/1)                                          docker:default'
[?2004h
[92mnn@skipper: ~/src/project/whoracle/xephyr[97m
bash-5.2.15$ xboard -out | bash[K[K[K[Ktee Dockerfile 
[?2004l# Use a base image with X11 and Xephyr support
FROM x11docker/xephyr

# Copy the script to the container
COPY script.sh /

# Set the script as the entry point
ENTRYPOINT ["/script.sh"][?2004h
[92mnn@skipper: ~/src/project/whoracle/xephyr[97m
bash-5.2.15$ bs[Kash docker[K[K[K[K[K[K[K[K[K[K[Kecho 'docker -b[K[Kbuild .' > build.sh
[?2004l[?2004h
[92mnn@skipper: ~/src/project/whoracle/xephyr[97m
bash-5.2.15$ bash build.sh 
[?2004l[1A[1B[0G[?25l[+] Building 0.0s (0/1)                                          docker:default
[?25h[1A[0G[?25l[+] Building 0.2s (2/3)                                          docker:default
[34m => [internal] load build definition from Dockerfile                       0.0s
[0m[34m => => transferring dockerfile: 223B                                       0.0s
[0m[34m => [internal] load .dockerignore                                          0.0s
[0m[34m => => transferring context: 2B                                            0.0s
[0m => [internal] load metadata for docker.io/x11docker/xephyr:latest         0.1s
[?25h[1A[1A[1A[1A[1A[1A[0G[?25l[+] Building 0.3s (2/3)                                          docker:default
[34m => [internal] load build definition from Dockerfile                       0.0s
[0m[34m => => transferring dockerfile: 223B                                       0.0s
[0m[34m => [internal] load .dockerignore                                          0.0s
[0m[34m => => transferring context: 2B                                            0.0s
[0m => [internal] load metadata for docker.io/x11docker/xephyr:latest         0.3s
[?25h[1A[1A[1A[1A[1A[1A[0G[?25l[+] Building 0.5s (2/3)                                          docker:default
[34m => [internal] load build definition from Dockerfile                       0.0s
[0m[34m => => transferring dockerfile: 223B                                       0.0s
[0m[34m => [internal] load .dockerignore                                          0.0s
[0m[34m => => transferring context: 2B                                            0.0s
[0m => [internal] load metadata for docker.io/x11docker/xephyr:latest         0.4s
[?25h[1A[1A[1A[1A[1A[1A[0G[?25l[+] Building 0.6s (3/3) FINISHED                                 docker:default
[34m => [internal] load build definition from Dockerfile                       0.0s
[0m[34m => => transferring dockerfile: 223B                                       0.0s
[0m[34m => [internal] load .dockerignore                                          0.0s
[0m[34m => => transferring context: 2B                                            0.0s
[0m[31m => ERROR [internal] load metadata for docker.io/x11docker/xephyr:latest   0.5s
[0m[?25h------
 > [internal] load metadata for docker.io/x11docker/xephyr:latest:
------
Dockerfile:2
--------------------
   1 |     # Use a base image with X11 and Xephyr support
   2 | >>> FROM x11docker/xephyr
   3 |     
   4 |     # Copy the script to the container
--------------------
ERROR: failed to solve: x11docker/xephyr: pull access denied, repository does not exist or may require authorization: server message: insufficient_scope: authorization failed
[?2004h
[92mnn@skipper: ~/src/project/whoracle/xephyr[97m
bash-5.2.15$ exit
[?2004lexit

Script done on 2023-11-06 23:40:57-05:00 [COMMAND_EXIT_CODE="1"]
