Script started on 2023-11-06 23:41:28-05:00 [TERM="tmux-256color" TTY="/dev/pts/3" COLUMNS="80" LINES="23"]
[?2004h
[92mnn@skipper: ~/src/project/whoracle/xephyr[97m
bash-5.2.15$ exitbash build.sh echo 'docker build .' > build.sh[C[C[C[C[C[C[C[C[C[C[C[C[C[3Pxboard -out | tee Dockerfile bash[Ktee Dockerfile 
[?2004lScript started on 2023-11-06 23:39:05-05:00 [TERM="tmux-256color" TTY="/dev/pts/3" COLUMNS="80" LINES="23"]
[?2004h
[92mnn@skipper: ~/src/project/whoracle/xephyr[97m
bash-5.2.15$ docker build -[K.
[?2004l[1A[1B[0G[?25l[+] Building 0.0s (0/1)                                          docker:default
[?25h[1A[0G[?25l[+] Building 0.2s (2/3)                                          docker:default
[34m => [internal] load .dockerignore                                          0.0s
[0m[34m => => transferring context: 2B                                            0.0s
[0m[34m => [internal] load build definition from Dockerfile                       0.0s
[0m[34m => => transferring dockerfile: 232B                                       0.0s
[0m => [internal] load metadata for docker.io/x11vnc/x11vnc:latest            0.1s
[?25h[1A[1A[1A[1A[1A[1A[0G[?25l[+] Building 0.3s (2/3)                                          docker:default
[34m => [internal] load .dockerignore                                          0.0s
[0m[34m => => transferring context: 2B                                            0.0s
[0m[34m => [internal] load build definition from Dockerfile                       0.0s
[0m[34m => => transferring dockerfile: 232B                                       0.0s
[0m => [internal] load metadata for docker.io/x11vnc/x11vnc:latest            0.3s
[?25h[1A[1A[1A[1A[1A[1A[0G[?25l[+] Building 0.5s (2/3)                                          docker:default
[34m => [internal] load .dockerignore                                          0.0s
[0m[34m => => transferring context: 2B                                            0.0s
[0m[34m => [internal] load build definition from Dockerfile                       0.0s
[0m[34m => => transferring dockerfile: 232B                                       0.0s
[0m => [internal] load metadata for docker.io/x11vnc/x11vnc:latest            0.4s
[?25h[1A[1A[1A[1A[1A[1A[0G[?25l[+] Building 0.6s (2/3)                                          docker:default
[34m => [internal] load .dockerignore                                          0.0s
[0m[34m => => transferring context: 2B                                            0.0s
[0m[34m => [internal] load build definition from Dockerfile                       0.0s
[0m[34m => => transferring dockerfile: 232B                                       0.0s
[0m => [internal] load metadata for docker.io/x11vnc/x11vnc:latest            0.6s
[?25h[1A[1A[1A[1A[1A[1A[0G[?25l[+] Building 0.8s (2/3)                                          docker:default
[34m => [internal] load .dockerignore                                          0.0s
[0m[34m => => transferring context: 2B                                            0.0s
[0m[34m => [internal] load build definition from Dockerfile                       0.0s
[0m[34m => => transferring dockerfile: 232B                                       0.0s
[0m => [internal] load metadata for docker.io/x11vnc/x11vnc:latest            0.7s
[?25h[1A[1A[1A[1A[1A[1A[0G[?25l[+] Building 0.9s (2/3)                                          docker:default
[34m => [internal] load .dockerignore                                          0.0s
[0m[34m => => transferring context: 2B                                            0.0s
[0m[34m => [internal] load build definition from Dockerfile                       0.0s
[0m[34m => => transferring dockerfile: 232B                                       0.0s
[0m => [internal] load metadata for docker.io/x11vnc/x11vnc:latest            0.9s
[?25h[1A[1A[1A[1A[1A[1A[0G[?25l[+] Building 1.1s (2/3)                                          docker:default
[34m => [internal] load .dockerignore                                          0.0s
[0m[34m => => transferring context: 2B                                            0.0s
[0m[34m => [internal] load build definition from Dockerfile                       0.0s
[0m[34m => => transferring dockerfile: 232B                                       0.0s
[0m => [internal] load metadata for docker.io/x11vnc/x11vnc:latest            1.0s
[?25h[1A[1A[1A[1A[1A[1A[0G[?25l[+] Building 1.2s (3/3) FINISHED                                 docker:default
[34m => [internal] load .dockerignore                                          0.0s
[0m[34m => => transferring context: 2B                                            0.0s
[0m[34m => [internal] load build definition from Dockerfile                       0.0s
[0m[34m => => transferring dockerfile: 232B                                       0.0s
[0m[31m => ERROR [internal] load metadata for docker.io/x11vnc/x11vnc:latest      1.1s
[0m[?25h------
 > [internal] load metadata for docker.io/x11vnc/x11vnc:latest:
------
Dockerfile:2
--------------------
   1 |     # Use a base image with Xephyr and X11 utilities installed
   2 | >>> FROM x11vnc/x11vnc
   3 |     
   4 |     # Copy the script to the container
--------------------
ERROR: failed to solve: x11vnc/x11vnc: pull access denied, repository does not exist or may require authorization: server message: insufficient_scope: authorization failed
[?2004h
[92mnn@skipper: ~/src/project/whoracle/xephyr[97m
bash-5.2.15$ exit
[?2004lexit

Script done on 2023-11-06 23:39:20-05:00 [COMMAND_EXIT_CODE="1"]
[?2004h
[92mnn@skipper: ~/src/project/whoracle/xephyr[97m
bash-5.2.15$ xboard -out | tee Dockerfile [C[C[C[C[C[C[C[C[C[C[C[C[Cexit[Kbash build.sh 
[?2004l[1A[1B[0G[?25l[+] Building 0.0s (0/1)                                          docker:default
[?25h[1A[0G[?25l[+] Building 0.1s (2/2) FINISHED                                 docker:default
[34m => [internal] load .dockerignore                                          0.0s
[0m[34m => => transferring context: 2B                                            0.0s
[0m[34m => [internal] load build definition from Dockerfile                       0.0s
[0m[34m => => transferring dockerfile: 5.48kB                                     0.0s
[0m[?25hDockerfile:1
--------------------
   1 | >>> Script started on 2023-11-06 23:39:05-05:00 [TERM="tmux-256color" TTY="/dev/pts/3" COLUMNS="80" LINES="23"]
   2 |     [?2004h
   3 |     [92mnn@skipper: ~/src/project/whoracle/xephyr[97m
--------------------
ERROR: failed to solve: dockerfile parse error on line 1: unknown instruction: Script
[?2004h
[92mnn@skipper: ~/src/project/whoracle/xephyr[97m
bash-5.2.15$ bash build.sh 
[?2004l[1A[1B[0G[?25l[+] Building 0.0s (0/2)                                          docker:default
[?25h[1A[0G[?25l[+] Building 0.1s (2/2) FINISHED                                 docker:default
[34m => [internal] load .dockerignore                                          0.0s
[0m[34m => => transferring context: 2B                                            0.0s
[0m[34m => [internal] load build definition from Dockerfile                       0.0s
[0m[34m => => transferring dockerfile: 5.48kB                                     0.0s
[0m[?25hDockerfile:1
--------------------
   1 | >>> Script started on 2023-11-06 23:39:05-05:00 [TERM="tmux-256color" TTY="/dev/pts/3" COLUMNS="80" LINES="23"]
   2 |     [?2004h
   3 |     [92mnn@skipper: ~/src/project/whoracle/xephyr[97m
--------------------
ERROR: failed to solve: dockerfile parse error on line 1: unknown instruction: Script
[?2004h
[92mnn@skipper: ~/src/project/whoracle/xephyr[97m
bash-5.2.15$ bash build.sh [15@xboard -out | tee Dockerfile[C
[?2004l# Use a base image with X11 and Xephyr support
FROM jess/x11

# Copy the script to the container
COPY script.sh /

# Set the script as the entry point
ENTRYPOINT ["/script.sh"][?2004h
[92mnn@skipper: ~/src/project/whoracle/xephyr[97m
bash-5.2.15$ xboard -out | tee Dockerfile [C[C[C[C[C[C[C[C[C[C[C[C[C[15Pbash build.sh[C
[?2004l[1A[1B[0G[?25l[+] Building 0.0s (0/1)                                          docker:default
[?25h[1A[0G[?25l[+] Building 0.2s (2/3)                                          docker:default
[34m => [internal] load .dockerignore                                          0.0s
[0m[34m => => transferring context: 2B                                            0.0s
[0m[34m => [internal] load build definition from Dockerfile                       0.0s
[0m[34m => => transferring dockerfile: 215B                                       0.0s
[0m => [internal] load metadata for docker.io/jess/x11:latest                 0.1s
[?25h[1A[1A[1A[1A[1A[1A[0G[?25l[+] Building 0.3s (2/3)                                          docker:default
[34m => [internal] load .dockerignore                                          0.0s
[0m[34m => => transferring context: 2B                                            0.0s
[0m[34m => [internal] load build definition from Dockerfile                       0.0s
[0m[34m => => transferring dockerfile: 215B                                       0.0s
[0m => [internal] load metadata for docker.io/jess/x11:latest                 0.3s
[?25h[1A[1A[1A[1A[1A[1A[0G[?25l[+] Building 0.5s (2/3)                                          docker:default
[34m => [internal] load .dockerignore                                          0.0s
[0m[34m => => transferring context: 2B                                            0.0s
[0m[34m => [internal] load build definition from Dockerfile                       0.0s
[0m[34m => => transferring dockerfile: 215B                                       0.0s
[0m => [internal] load metadata for docker.io/jess/x11:latest                 0.4s
[?25h[1A[1A[1A[1A[1A[1A[0G[?25l[+] Building 0.6s (2/3)                                          docker:default
[34m => [internal] load .dockerignore                                          0.0s
[0m[34m => => transferring context: 2B                                            0.0s
[0m[34m => [internal] load build definition from Dockerfile                       0.0s
[0m[34m => => transferring dockerfile: 215B                                       0.0s
[0m => [internal] load metadata for docker.io/jess/x11:latest                 0.6s
[?25h[1A[1A[1A[1A[1A[1A[0G[?25l[+] Building 0.7s (3/3) FINISHED                                 docker:default
[34m => [internal] load .dockerignore                                          0.0s
[0m[34m => => transferring context: 2B                                            0.0s
[0m[34m => [internal] load build definition from Dockerfile                       0.0s
[0m[34m => => transferring dockerfile: 215B                                       0.0s
[0m[31m => ERROR [internal] load metadata for docker.io/jess/x11:latest           0.6s
[0m[?25h------
 > [internal] load metadata for docker.io/jess/x11:latest:
------
Dockerfile:2
--------------------
   1 |     # Use a base image with X11 and Xephyr support
   2 | >>> FROM jess/x11
   3 |     
   4 |     # Copy the script to the container
--------------------
ERROR: failed to solve: jess/x11: pull access denied, repository does not exist or may require authorization: server message: insufficient_scope: authorization failed
[?2004h
[92mnn@skipper: ~/src/project/whoracle/xephyr[97m
bash-5.2.15$ exit
[?2004lexit

Script done on 2023-11-06 23:42:01-05:00 [COMMAND_EXIT_CODE="1"]
